    warning: unused alias Icons
    │
  9 │   alias TunneldWeb.Icons
    │   ~
    │
    └─ lib/tunneld_web/live/components/json_schema_renderer.ex:9:3

    warning: unused import TunneldWeb.Icons
    │
  7 │   import TunneldWeb.Icons
    │   ~
    │
    └─ lib/tunneld_web/live/components/services_chip.ex:7:3

    warning: unused import TunneldWeb.Live.Components.HelpIcon
    │
 16 │   import TunneldWeb.Live.Components.HelpIcon
    │   ~
    │
    └─ lib/tunneld_web/live/components/sidebar/details.ex:16:3

[notice]     :alarm_handler: {:set, {:system_memory_high_watermark, []}}
[warning] Outdated esbuild version. Expected 0.18.15, got 0.17.11. Please run `mix esbuild.install` or update the version in your config files.
[info] Running TunneldWeb.Endpoint with Bandit 1.10.4 at 0.0.0.0:80 (http)
[info] Access TunneldWeb.Endpoint at http://localhost
[watch] build finished, watching for changes...

Rebuilding...

Done in 232ms.
[info] GET /
[debug] Processing with TunneldWeb.Live.Login.Elixir.TunneldWeb.Live.Login/2
  Parameters: %{}
  Pipelines: [:browser, :set_client_id]
[info] Sent 200 in 71ms
[notice] SIGTERM received - shutting down

[notice]     :alarm_handler: {:clear, :system_memory_high_watermark}
